// Jest Snapshot v1, https://goo.gl/fbAQLP

exports[`<InfoPopup /> Should render and match the snapshot with default props 1`] = `null`;
