// Jest Snapshot v1, https://goo.gl/fbAQLP

exports[`<AppHeader /> Should render and match the snapshot with default props 1`] = `
<div
  class="styled__Wrapper-sc-1a6eih8-0 jXWNUQ"
>
  <div
    class="IconButton__Wrapper-sc-15xi3uz-0 fctjIu"
    data-testid="IconButton"
  >
    <div
      class="Icon__Wrapper-xawg7a-0 hKOtws"
      color="#ffffff"
      role="button"
      size="32"
      tabindex="0"
    />
  </div>
</div>
`;
